[22:49:09] parity: 18 (dataset, variant) tasks
[23:27:48] parity: orig42 V0_canonical done (734.7s)
[23:27:48] parity: orig42 V1_entity_type_forced_user done (735.7s)
[23:27:48] parity: orig42 V2_duration_minutes_as_seconds done (269.0s)
[23:27:48] parity: orig42 V3_command_space_separated done (268.4s)
[23:27:48] parity: orig42 V4a_utc_timestamps_live_only done (235.1s)
[23:27:48] parity: orig42 V4b_utc_all_consistent done (517.1s)
[23:27:48] parity: orig42 V5a_missing_geo done (223.3s)
[23:27:48] parity: orig42 V5b_missing_fingerprint done (184.7s)
[23:27:48] parity: orig42 V5c_auth_defaults done (190.3s)
[23:27:48] parity: orig42 V6_unseen_entity_namespace done (136.5s)
[23:27:48] parity: orig42 V7_duplicate_delivery_2pct done (226.0s)
[23:27:48] parity: orig42 V8_out_of_order_5pct done (207.5s)
[23:27:48] parity: orig42 V9_api_contract_definite done (143.9s)
[23:27:48] parity: orig42 V10_fresh_platform done (105.2s)
[23:27:48] parity: P0-103 V0_canonical done (121.0s)
[23:27:48] parity: P0-103 V1_entity_type_forced_user done (123.0s)
[23:27:48] parity: P0-103 V2_duration_minutes_as_seconds done (90.7s)
[23:27:48] parity: P0-103 V9_api_contract_definite done (86.6s)
[23:27:53] parity DONE in 2324s | production unchanged: True
