17:00:46 stage=stream run=A variant=main limit=None
17:08:23 [stream:main] warm-up on 65850 train events in 445s
17:11:12 [stream:main] scored 2000/33498 (stream position 1999/33498)  169s  alerts 3
17:14:00 [stream:main] scored 4000/33498 (stream position 3999/33498)  337s  alerts 3
17:16:05 [stream:main] scored 6000/33498 (stream position 5999/33498)  461s  alerts 7
17:20:58 [stream:main] scored 8000/33498 (stream position 7999/33498)  754s  alerts 8
17:26:54 [stream:main] scored 10000/33498 (stream position 9999/33498)  1110s  alerts 12
17:32:56 [stream:main] scored 12000/33498 (stream position 11999/33498)  1472s  alerts 16
17:34:53 [stream:main] scored 14000/33498 (stream position 13999/33498)  1589s  alerts 92
17:38:16 [stream:main] scored 16000/33498 (stream position 15999/33498)  1792s  alerts 215
17:41:20 [stream:main] scored 18000/33498 (stream position 17999/33498)  1976s  alerts 219
17:42:40 [stream:main] scored 20000/33498 (stream position 19999/33498)  2056s  alerts 219
17:43:56 [stream:main] scored 22000/33498 (stream position 21999/33498)  2133s  alerts 325
17:46:03 [stream:main] scored 24000/33498 (stream position 23999/33498)  2259s  alerts 331
17:49:18 [stream:main] scored 26000/33498 (stream position 25999/33498)  2454s  alerts 656
17:52:25 [stream:main] scored 28000/33498 (stream position 27999/33498)  2641s  alerts 662
17:54:00 [stream:main] scored 30000/33498 (stream position 29999/33498)  2736s  alerts 723
17:55:31 [stream:main] scored 32000/33498 (stream position 31999/33498)  2827s  alerts 724
17:56:35 [stream:main] 33498 events in 2892s
17:56:36 stage stream_main finished in 3350s
