[21:54:35] parity: 18 (dataset, variant) tasks
[22:27:24] parity: orig42 V0_canonical done (320.1s)
[22:27:24] parity: orig42 V1_entity_type_forced_user done (318.8s)
[22:27:24] parity: orig42 V2_duration_minutes_as_seconds done (117.0s)
[22:27:24] parity: orig42 V3_command_space_separated done (120.1s)
[22:27:24] parity: orig42 V4a_utc_timestamps_live_only done (194.1s)
[22:27:24] parity: orig42 V4b_utc_all_consistent done (354.5s)
[22:27:24] parity: orig42 V5a_missing_geo done (116.6s)
[22:27:24] parity: orig42 V5b_missing_fingerprint done (120.9s)
[22:27:24] parity: orig42 V5c_auth_defaults done (111.9s)
[22:27:24] parity: orig42 V6_unseen_entity_namespace done (158.1s)
[22:27:24] parity: orig42 V7_duplicate_delivery_2pct done (461.1s)
[22:27:24] parity: orig42 V8_out_of_order_5pct done (475.0s)
[22:27:24] parity: orig42 V9_api_contract_definite done (324.7s)
[22:27:24] parity: orig42 V10_fresh_platform done (200.3s)
[22:27:24] parity: P0-103 V0_canonical done (141.1s)
[22:27:24] parity: P0-103 V1_entity_type_forced_user done (142.0s)
[22:27:24] parity: P0-103 V2_duration_minutes_as_seconds done (115.4s)
[22:27:24] parity: P0-103 V9_api_contract_definite done (116.4s)
[22:27:32] parity DONE in 1977s | production unchanged: True
