[data] P0-101        61,711 events  200 entities   31 incidents  59.9s
[data] P0-102        60,881 events  200 entities   31 incidents  59.4s
[data] P1-201        60,422 events  140 entities   31 incidents  44.1s
[data] P2-301        61,056 events  240 entities   30 incidents  77.4s
[data] P3-401        60,489 events  200 entities   30 incidents  52.8s
[data] P0-103        60,875 events  200 entities   31 incidents  47.1s
[data] P0-104        61,012 events  200 entities   31 incidents  41.5s
[data] P1-202        60,774 events  140 entities   31 incidents  29.3s
[data] P2-302        60,834 events  240 entities   30 incidents  48.5s
[data] P3-402        60,689 events  200 entities   30 incidents  45.0s
[data] P4-501        63,274 events  200 entities   35 incidents  38.5s
[data] P4-502        63,530 events  200 entities   35 incidents  44.6s
[data] DR-ctrl       46,894 events  140 entities   39 incidents  34.2s
[data] DR-hours      46,894 events  140 entities   39 incidents  36.0s
[data] DR-resources  46,894 events  140 entities   39 incidents  33.1s
[data] DR-location   46,894 events  140 entities   39 incidents  32.9s
[data] DR-device     46,894 events  140 entities   39 incidents  32.3s
[data] DR-volume     53,108 events  140 entities   39 incidents  30.7s
[22:18:09] verify: 75 dataset files match the manifest; regeneration identical: True
[22:18:09] checkpoint after stage 'verify' saved
[22:22:53] [features] P0-104         61,012 rows (23,281 onboarding)  259.5s
[22:22:53] [features] P2-302         60,834 rows (23,074 onboarding)  246.7s
[22:22:53] [features] P4-501         63,274 rows (23,399 onboarding)  242.6s
[22:24:01] [features] DR-hours       46,894 rows (17,746 onboarding)  84.7s
[22:24:01] [features] P3-401         60,489 rows (23,257 onboarding)  62.7s
[22:28:16] [features] orig42         99,348 rows (65,850 onboarding)  322.8s
D:\D_Downloads\oracle\capstone\setinalflow\ml-service\anomaly-detection\src\detect.py:121: UserWarning: Converting a tensor with requires_grad=True to a scalar may lead to unexpected behavior.
Consider using tensor.detach() first. (Triggered internally at C:\actions-runner\_work\pytorch\pytorch\torch\csrc\autograd\generated\python_variable_methods.cpp:821.)
  tot += float(loss) * len(xb)
[22:29:26] [fit:ml4] 3 dataset(s), 69,705 onboarding rows, 31 features (69.4s)
[22:29:27] checkpoint after stage 'fit' saved
[22:29:27] dev: scoring signals of 7 datasets x 3 models (21 tasks)
[22:31:00] dev: fusion best {'baseline': 0.9, 'iforest': 0.1, 'sequence': 0.0} (0.5677) equal 0.5014 -> selected {'baseline': 0.9, 'iforest': 0.1, 'sequence': 0.0}
[22:31:19] dev: FROZEN config sha256 4e9c8d80b1ad7886 | weights {'baseline': 0.9, 'iforest': 0.1, 'sequence': 0.0} | thresholds frozen 0.98725 adaptive 0.99248
[22:36:38] checkpoint after stage 'dev' saved
[22:36:39] sealed: scoring 24 (model, dataset) tasks with the frozen config
D:\D_Downloads\oracle\capstone\setinalflow\ml-service\anomaly-detection\src\detect.py:121: UserWarning: Converting a tensor with requires_grad=True to a scalar may lead to unexpected behavior.
Consider using tensor.detach() first. (Triggered internally at C:\actions-runner\_work\pytorch\pytorch\torch\csrc\autograd\generated\python_variable_methods.cpp:821.)
  tot += float(loss) * len(xb)
D:\D_Downloads\oracle\capstone\setinalflow\ml-service\anomaly-detection\src\detect.py:121: UserWarning: Converting a tensor with requires_grad=True to a scalar may lead to unexpected behavior.
Consider using tensor.detach() first. (Triggered internally at C:\actions-runner\_work\pytorch\pytorch\torch\csrc\autograd\generated\python_variable_methods.cpp:821.)
  tot += float(loss) * len(xb)
D:\D_Downloads\oracle\capstone\setinalflow\ml-service\anomaly-detection\src\detect.py:121: UserWarning: Converting a tensor with requires_grad=True to a scalar may lead to unexpected behavior.
Consider using tensor.detach() first. (Triggered internally at C:\actions-runner\_work\pytorch\pytorch\torch\csrc\autograd\generated\python_variable_methods.cpp:821.)
  tot += float(loss) * len(xb)
[22:43:17] checkpoint after stage 'sealed' saved
[22:43:17] drift: scoring 6 drift datasets x 6 baseline variants
[22:45:14] checkpoint after stage 'drift' saved
[22:45:37] audits: group-permutation diagnostics on 4 sealed datasets
[22:48:34] checkpoint after stage 'audits' saved
[22:48:36] DONE run C in 2166s | production unchanged: True
